-- This is a autoddl cleanup file cleaning up all objects created via 6001 setup script
DROP OWNED BY adminuser;
INFO:  DDL statement replicated.
DROP OWNED
DROP OWNED BY appuser;
INFO:  DDL statement replicated.
DROP OWNED
DROP FUNCTION IF EXISTS public.get_table_repset_info(TEXT);
INFO:  DDL statement replicated.
DROP FUNCTION
DROP ROLE IF EXISTS appuser;
INFO:  DDL statement replicated.
DROP ROLE
DROP ROLE adminuser;
INFO:  DDL statement replicated.
DROP ROLE
